// Jest Snapshot v1, https://goo.gl/fbAQLP

exports[`FeedbacksService shoud return all of feedbacks when pass null param 1`] = `
Object {
  "data": Array [
    Object {
      "apiKey": "fcd5015c-10d3-4e9c-b395-ec7ed8850165",
      "createdAt": 1608681600000,
      "device": "Chrome 85.0, macOS 10.14",
      "fingerprint": "490135491",
      "id": "eab759f8-f238-4ff9-ae91-ee1558982329",
      "page": "https://feedbacker.com/pricing",
      "text": "Podia ter um bot√£o de solicitar demo 1",
      "type": "IDEA",
    },
    Object {
      "apiKey": "fcd5015c-10d3-4e9c-b395-ec7ed8850165",
      "createdAt": 1605225600000,
      "device": "Chrome 85.0, macOS 10.14",
      "fingerprint": "490135491",
      "id": "eab759f8-f238-4ff9-ae91-ee1558982329",
      "page": "https://feedbacker.com/pricing",
      "text": "Muito bom!",
      "type": "OTHER",
    },
  ],
}
`;
